
added 3 packages in 818ms
npm warn allow-scripts 1 package has install scripts not yet covered by allowScripts:
npm warn allow-scripts   esbuild@0.25.12 (postinstall: node install.js)
npm warn allow-scripts
npm warn allow-scripts Run `npm approve-scripts --allow-scripts-pending` to review, or `npm approve-scripts <pkg>` to allow.

> tianyin-xiaojian-st@1.5.0 check
> npm run build && npm run check:syntax && npm run check:ai && npm run check:emoji && npm run check:behavior && npm run check:interactive && npm run check:pending && npm run check:press && npm run check:ambient && npm run check:calendar && npm run check:budget && npm run check:permissions && npm run check:contracts


> tianyin-xiaojian-st@1.5.0 build
> esbuild src/main.js --bundle --format=iife --platform=browser --target=es2020 --outfile=index.js --legal-comments=none


  index.js  1011.9kb

Done in 14ms

> tianyin-xiaojian-st@1.5.0 check:syntax
> node --check index.js


> tianyin-xiaojian-st@1.5.0 check:ai
> node scripts/check-ai.mjs

[phone-mode] __pmAutoGenContacts 异常 Error: context-failed
    at gatherContext (file:///d:/%E9%85%92%E9%A6%86%E9%A1%B9%E7%9B%AE/tavern_helper_template/public/mobile-ui-private-phase0-rollback-drill/scripts/check-ai.mjs:292:44)
    at window.__pmAutoGenContacts (file:///d:/%E9%85%92%E9%A6%86%E9%A1%B9%E7%9B%AE/tavern_helper_template/public/mobile-ui-private-phase0-rollback-drill/src/contact-generator.js:208:35)
    at file:///d:/%E9%85%92%E9%A6%86%E9%A1%B9%E7%9B%AE/tavern_helper_template/public/mobile-ui-private-phase0-rollback-drill/scripts/check-ai.mjs:307:18
AI client behavior verified.

> tianyin-xiaojian-st@1.5.0 check:emoji
> node scripts/check-emoji.mjs

Emoji media safety verified.
[phone-mode] 短信历史保存失败 Error: 聊天记录保存失败：IndexedDB 不可用
    at persist (file:///d:/%E9%85%92%E9%A6%86%E9%A1%B9%E7%9B%AE/tavern_helper_template/public/mobile-ui-private-phase0-rollback-drill/src/storage.js:64:27)
[phone-mode] 短信历史保存失败 Error: 聊天记录保存失败：IndexedDB 不可用
    at persist (file:///d:/%E9%85%92%E9%A6%86%E9%A1%B9%E7%9B%AE/tavern_helper_template/public/mobile-ui-private-phase0-rollback-drill/src/storage.js:64:27)
[phone-mode] 短信历史保存失败 Error: 聊天记录保存失败：IndexedDB 不可用
    at persist (file:///d:/%E9%85%92%E9%A6%86%E9%A1%B9%E7%9B%AE/tavern_helper_template/public/mobile-ui-private-phase0-rollback-drill/src/storage.js:64:27)
[phone-mode] 短信历史保存失败 Error: 聊天记录保存失败：IndexedDB 不可用
    at persist (file:///d:/%E9%85%92%E9%A6%86%E9%A1%B9%E7%9B%AE/tavern_helper_template/public/mobile-ui-private-phase0-rollback-drill/src/storage.js:64:27)

> tianyin-xiaojian-st@1.5.0 check:behavior
> node scripts/check-behavior.mjs

[phone-mode] hooked 4 injection events
[phone-mode] 分支手机数据继承完成
[phone-mode] hooked 4 injection events
[phone-mode] 分支手机数据继承完成
[phone-mode] hooked 4 injection events
[phone-mode] hooked 4 injection events
[phone-mode] v9.5.7 已加载：世界书预算改为读取ST实际上下文窗口大小
[phone-mode] IDB 恢复失败，尝试 localStorage 兜底 Error: 无法枚举 IndexedDB
    at loadHistoriesFromIDB (file:///d:/%E9%85%92%E9%A6%86%E9%A1%B9%E7%9B%AE/tavern_helper_template/public/mobile-ui-private-phase0-rollback-drill/src/storage.js:103:41)
[phone-mode] v9.5.7 已加载：世界书预算改为读取ST实际上下文窗口大小
[phone-mode] IDB 恢复失败，尝试 localStorage 兜底 Error: 无法枚举 IndexedDB
    at loadHistoriesFromIDB (file:///d:/%E9%85%92%E9%A6%86%E9%A1%B9%E7%9B%AE/tavern_helper_template/public/mobile-ui-private-phase0-rollback-drill/src/storage.js:103:41)
[phone-mode] IDB 恢复失败，尝试 localStorage 兜底 Error: 无法枚举 IndexedDB
    at loadHistoriesFromIDB (file:///d:/%E9%85%92%E9%A6%86%E9%A1%B9%E7%9B%AE/tavern_helper_template/public/mobile-ui-private-phase0-rollback-drill/src/storage.js:103:41)
    at async window.__pmOpen (file:///d:/%E9%85%92%E9%A6%86%E9%A1%B9%E7%9B%AE/tavern_helper_template/public/mobile-ui-private-phase0-rollback-drill/src/phone-lifecycle.js:349:13)
    at async waitForActual (node:assert:646:5)
    at async strict.rejects (node:assert:769:25)
    at async file:///d:/%E9%85%92%E9%A6%86%E9%A1%B9%E7%9B%AE/tavern_helper_template/public/mobile-ui-private-phase0-rollback-drill/scripts/check-behavior.mjs:3149:5
[phone-mode] v9.5.7 已加载：世界书预算改为读取ST实际上下文窗口大小
[phone-mode] IDB 恢复失败，尝试 localStorage 兜底 Error: 无法枚举 IndexedDB
    at loadHistoriesFromIDB (file:///d:/%E9%85%92%E9%A6%86%E9%A1%B9%E7%9B%AE/tavern_helper_template/public/mobile-ui-private-phase0-rollback-drill/src/storage.js:103:41)
[phone-mode] IDB 恢复失败，尝试 localStorage 兜底 Error: 无法枚举 IndexedDB
    at loadHistoriesFromIDB (file:///d:/%E9%85%92%E9%A6%86%E9%A1%B9%E7%9B%AE/tavern_helper_template/public/mobile-ui-private-phase0-rollback-drill/src/storage.js:103:41)
    at async window.__pmOpen (file:///d:/%E9%85%92%E9%A6%86%E9%A1%B9%E7%9B%AE/tavern_helper_template/public/mobile-ui-private-phase0-rollback-drill/src/phone-lifecycle.js:349:13)
    at async file:///d:/%E9%85%92%E9%A6%86%E9%A1%B9%E7%9B%AE/tavern_helper_template/public/mobile-ui-private-phase0-rollback-drill/scripts/check-behavior.mjs:3158:5
[phone-mode] 手机界面状态保存失败 Error: injected set failure
    at Object.setItem (file:///d:/%E9%85%92%E9%A6%86%E9%A1%B9%E7%9B%AE/tavern_helper_template/public/mobile-ui-private-phase0-rollback-drill/scripts/check-behavior.mjs:1290:60)
    at savePhoneUiState (file:///d:/%E9%85%92%E9%A6%86%E9%A1%B9%E7%9B%AE/tavern_helper_template/public/mobile-ui-private-phase0-rollback-drill/src/storage.js:553:22)
    at persist (file:///d:/%E9%85%92%E9%A6%86%E9%A1%B9%E7%9B%AE/tavern_helper_template/public/mobile-ui-private-phase0-rollback-drill/src/settings-backup.js:192:14)
    at async runBackupTransaction (file:///d:/%E9%85%92%E9%A6%86%E9%A1%B9%E7%9B%AE/tavern_helper_template/public/mobile-ui-private-phase0-rollback-drill/src/settings-backup.js:105:9)
    at async waitForActual (node:assert:646:5)
    at async strict.rejects (node:assert:769:25)
    at async file:///d:/%E9%85%92%E9%A6%86%E9%A1%B9%E7%9B%AE/tavern_helper_template/public/mobile-ui-private-phase0-rollback-drill/scripts/check-behavior.mjs:5622:1
[phone-mode] 手机界面状态保存失败 Error: injected counted set failure
    at Object.setItem (file:///d:/%E9%85%92%E9%A6%86%E9%A1%B9%E7%9B%AE/tavern_helper_template/public/mobile-ui-private-phase0-rollback-drill/scripts/check-behavior.mjs:1288:19)
    at savePhoneUiState (file:///d:/%E9%85%92%E9%A6%86%E9%A1%B9%E7%9B%AE/tavern_helper_template/public/mobile-ui-private-phase0-rollback-drill/src/storage.js:553:22)
    at persist (file:///d:/%E9%85%92%E9%A6%86%E9%A1%B9%E7%9B%AE/tavern_helper_template/public/mobile-ui-private-phase0-rollback-drill/src/settings-backup.js:192:14)
    at async runBackupTransaction (file:///d:/%E9%85%92%E9%A6%86%E9%A1%B9%E7%9B%AE/tavern_helper_template/public/mobile-ui-private-phase0-rollback-drill/src/settings-backup.js:105:9)
    at async waitForActual (node:assert:646:5)
    at async strict.rejects (node:assert:769:25)
    at async file:///d:/%E9%85%92%E9%A6%86%E9%A1%B9%E7%9B%AE/tavern_helper_template/public/mobile-ui-private-phase0-rollback-drill/scripts/check-behavior.mjs:5644:1
[phone-mode] 手机界面状态保存失败 Error: injected counted set failure
    at Object.setItem (file:///d:/%E9%85%92%E9%A6%86%E9%A1%B9%E7%9B%AE/tavern_helper_template/public/mobile-ui-private-phase0-rollback-drill/scripts/check-behavior.mjs:1288:19)
    at savePhoneUiState (file:///d:/%E9%85%92%E9%A6%86%E9%A1%B9%E7%9B%AE/tavern_helper_template/public/mobile-ui-private-phase0-rollback-drill/src/storage.js:553:22)
    at persist (file:///d:/%E9%85%92%E9%A6%86%E9%A1%B9%E7%9B%AE/tavern_helper_template/public/mobile-ui-private-phase0-rollback-drill/src/settings-backup.js:192:14)
    at async runBackupTransaction (file:///d:/%E9%85%92%E9%A6%86%E9%A1%B9%E7%9B%AE/tavern_helper_template/public/mobile-ui-private-phase0-rollback-drill/src/settings-backup.js:112:13)
    at async waitForActual (node:assert:646:5)
    at async strict.rejects (node:assert:769:25)
    at async file:///d:/%E9%85%92%E9%A6%86%E9%A1%B9%E7%9B%AE/tavern_helper_template/public/mobile-ui-private-phase0-rollback-drill/scripts/check-behavior.mjs:5644:1
[phone-mode] IDB 恢复失败，尝试 localStorage 兜底 TypeError: Cannot read properties of undefined (reading 'getItem')
    at loadHistoriesFromIDB (file:///d:/%E9%85%92%E9%A6%86%E9%A1%B9%E7%9B%AE/tavern_helper_template/public/mobile-ui-private-phase0-rollback-drill/src/storage.js:106:46)
    at async file:///d:/%E9%85%92%E9%A6%86%E9%A1%B9%E7%9B%AE/tavern_helper_template/public/mobile-ui-private-phase0-rollback-drill/scripts/check-behavior.mjs:7535:18
[phone-mode] hooked 4 injection events
[phone-mode] 分支手机数据继承完成
[phone-mode] 分支手机数据继承已跳过 already-cloned
[phone-mode] 分支手机数据继承失败 Error
Behavior configuration verified.

> tianyin-xiaojian-st@1.5.0 check:interactive
> node scripts/check-interactive.mjs

[phone-mode] 手机界面状态读取失败 SyntaxError: Expected property name or '}' in JSON at position 1 (line 1 column 2)
    at JSON.parse (<anonymous>)
    at loadPhoneUiState (file:///d:/%E9%85%92%E9%A6%86%E9%A1%B9%E7%9B%AE/tavern_helper_template/public/mobile-ui-private-phase0-rollback-drill/src/storage.js:530:43)
    at file:///d:/%E9%85%92%E9%A6%86%E9%A1%B9%E7%9B%AE/tavern_helper_template/public/mobile-ui-private-phase0-rollback-drill/scripts/check-interactive.mjs:1058:18
[phone-mode] 互动场景后备数据读取失败 SyntaxError: Expected property name or '}' in JSON at position 1 (line 1 column 2)
    at JSON.parse (<anonymous>)
    at loadInteractiveScenes (file:///d:/%E9%85%92%E9%A6%86%E9%A1%B9%E7%9B%AE/tavern_helper_template/public/mobile-ui-private-phase0-rollback-drill/src/storage.js:470:35)
    at file:///d:/%E9%85%92%E9%A6%86%E9%A1%B9%E7%9B%AE/tavern_helper_template/public/mobile-ui-private-phase0-rollback-drill/scripts/check-interactive.mjs:1061:20
[phone-mode] 手机界面状态保存失败 Error: quota exceeded
    at Object.setItem (file:///d:/%E9%85%92%E9%A6%86%E9%A1%B9%E7%9B%AE/tavern_helper_template/public/mobile-ui-private-phase0-rollback-drill/scripts/check-interactive.mjs:1065:28)
    at savePhoneUiState (file:///d:/%E9%85%92%E9%A6%86%E9%A1%B9%E7%9B%AE/tavern_helper_template/public/mobile-ui-private-phase0-rollback-drill/src/storage.js:553:22)
    at file:///d:/%E9%85%92%E9%A6%86%E9%A1%B9%E7%9B%AE/tavern_helper_template/public/mobile-ui-private-phase0-rollback-drill/scripts/check-interactive.mjs:1069:14
interactive scene checks passed

> tianyin-xiaojian-st@1.5.0 check:pending
> node scripts/check-pending.mjs

Pending message state verified.

> tianyin-xiaojian-st@1.5.0 check:press
> node scripts/check-press-gesture.mjs

Press gesture behavior verified.

> tianyin-xiaojian-st@1.5.0 check:ambient
> node scripts/check-ambient.mjs

Ambient status lifecycle verified.

> tianyin-xiaojian-st@1.5.0 check:calendar
> node scripts/check-calendar.mjs

[phone-mode] 生日与纪念日数据读取失败 SyntaxError: Expected property name or '}' in JSON at position 1 (line 1 column 2)
    at JSON.parse (<anonymous>)
    at loadStore (file:///d:/%E9%85%92%E9%A6%86%E9%A1%B9%E7%9B%AE/tavern_helper_template/public/mobile-ui-private-phase0-rollback-drill/src/calendar-storage.js:17:37)
    at loadCalendarOccasions (file:///d:/%E9%85%92%E9%A6%86%E9%A1%B9%E7%9B%AE/tavern_helper_template/public/mobile-ui-private-phase0-rollback-drill/src/calendar-storage.js:61:49)
    at file:///d:/%E9%85%92%E9%A6%86%E9%A1%B9%E7%9B%AE/tavern_helper_template/public/mobile-ui-private-phase0-rollback-drill/scripts/check-calendar.mjs:428:18
    at ModuleJob.run (node:internal/modules/esm/module_job:439:25)
    at async node:internal/modules/esm/loader:643:26
    at async asyncRunEntryPointWithESMLoader (node:internal/modules/run_main:101:5)
[phone-mode] 生日与纪念日数据保存失败 Error: localStorage 不可用
    at saveStore (file:///d:/%E9%85%92%E9%A6%86%E9%A1%B9%E7%9B%AE/tavern_helper_template/public/mobile-ui-private-phase0-rollback-drill/src/calendar-storage.js:26:70)
    at saveCalendarOccasions (file:///d:/%E9%85%92%E9%A6%86%E9%A1%B9%E7%9B%AE/tavern_helper_template/public/mobile-ui-private-phase0-rollback-drill/src/calendar-storage.js:64:58)
    at file:///d:/%E9%85%92%E9%A6%86%E9%A1%B9%E7%9B%AE/tavern_helper_template/public/mobile-ui-private-phase0-rollback-drill/scripts/check-calendar.mjs:429:14
    at ModuleJob.run (node:internal/modules/esm/module_job:439:25)
    at async node:internal/modules/esm/loader:643:26
    at async asyncRunEntryPointWithESMLoader (node:internal/modules/run_main:101:5)
[phone-mode] 节假日缓存读取失败 SyntaxError: Expected property name or '}' in JSON at position 1 (line 1 column 2)
    at JSON.parse (<anonymous>)
    at loadStore (file:///d:/%E9%85%92%E9%A6%86%E9%A1%B9%E7%9B%AE/tavern_helper_template/public/mobile-ui-private-phase0-rollback-drill/src/calendar-storage.js:17:37)
    at loadCalendarHolidays (file:///d:/%E9%85%92%E9%A6%86%E9%A1%B9%E7%9B%AE/tavern_helper_template/public/mobile-ui-private-phase0-rollback-drill/src/calendar-storage.js:67:48)
    at file:///d:/%E9%85%92%E9%A6%86%E9%A1%B9%E7%9B%AE/tavern_helper_template/public/mobile-ui-private-phase0-rollback-drill/scripts/check-calendar.mjs:853:31
    at getActual (node:assert:611:5)
    at strict.doesNotThrow (node:assert:779:32)
    at file:///d:/%E9%85%92%E9%A6%86%E9%A1%B9%E7%9B%AE/tavern_helper_template/public/mobile-ui-private-phase0-rollback-drill/scripts/check-calendar.mjs:853:12
[phone-mode] 天气数据读取失败 SyntaxError: Expected property name or '}' in JSON at position 1 (line 1 column 2)
    at JSON.parse (<anonymous>)
    at loadStore (file:///d:/%E9%85%92%E9%A6%86%E9%A1%B9%E7%9B%AE/tavern_helper_template/public/mobile-ui-private-phase0-rollback-drill/src/calendar-storage.js:17:37)
    at loadCalendarWeather (file:///d:/%E9%85%92%E9%A6%86%E9%A1%B9%E7%9B%AE/tavern_helper_template/public/mobile-ui-private-phase0-rollback-drill/src/calendar-storage.js:73:47)
    at file:///d:/%E9%85%92%E9%A6%86%E9%A1%B9%E7%9B%AE/tavern_helper_template/public/mobile-ui-private-phase0-rollback-drill/scripts/check-calendar.mjs:853:31
    at getActual (node:assert:611:5)
    at strict.doesNotThrow (node:assert:779:32)
    at file:///d:/%E9%85%92%E9%A6%86%E9%A1%B9%E7%9B%AE/tavern_helper_template/public/mobile-ui-private-phase0-rollback-drill/scripts/check-calendar.mjs:853:12
[phone-mode] 生理周期数据读取失败 SyntaxError: Expected property name or '}' in JSON at position 1 (line 1 column 2)
    at JSON.parse (<anonymous>)
    at loadStore (file:///d:/%E9%85%92%E9%A6%86%E9%A1%B9%E7%9B%AE/tavern_helper_template/public/mobile-ui-private-phase0-rollback-drill/src/calendar-storage.js:17:37)
    at loadCalendarCycles (file:///d:/%E9%85%92%E9%A6%86%E9%A1%B9%E7%9B%AE/tavern_helper_template/public/mobile-ui-private-phase0-rollback-drill/src/calendar-storage.js:79:46)
    at file:///d:/%E9%85%92%E9%A6%86%E9%A1%B9%E7%9B%AE/tavern_helper_template/public/mobile-ui-private-phase0-rollback-drill/scripts/check-calendar.mjs:853:31
    at getActual (node:assert:611:5)
    at strict.doesNotThrow (node:assert:779:32)
    at file:///d:/%E9%85%92%E9%A6%86%E9%A1%B9%E7%9B%AE/tavern_helper_template/public/mobile-ui-private-phase0-rollback-drill/scripts/check-calendar.mjs:853:12
[phone-mode] 菜谱数据读取失败 SyntaxError: Expected property name or '}' in JSON at position 1 (line 1 column 2)
    at JSON.parse (<anonymous>)
    at loadStore (file:///d:/%E9%85%92%E9%A6%86%E9%A1%B9%E7%9B%AE/tavern_helper_template/public/mobile-ui-private-phase0-rollback-drill/src/calendar-storage.js:17:37)
    at loadCalendarRecipes (file:///d:/%E9%85%92%E9%A6%86%E9%A1%B9%E7%9B%AE/tavern_helper_template/public/mobile-ui-private-phase0-rollback-drill/src/calendar-storage.js:85:47)
    at file:///d:/%E9%85%92%E9%A6%86%E9%A1%B9%E7%9B%AE/tavern_helper_template/public/mobile-ui-private-phase0-rollback-drill/scripts/check-calendar.mjs:853:31
    at getActual (node:assert:611:5)
    at strict.doesNotThrow (node:assert:779:32)
    at file:///d:/%E9%85%92%E9%A6%86%E9%A1%B9%E7%9B%AE/tavern_helper_template/public/mobile-ui-private-phase0-rollback-drill/scripts/check-calendar.mjs:853:12
[phone-mode] 生日与纪念日数据保存失败 Error: occasion rollback blocked
    at storage.setItem (file:///d:/%E9%85%92%E9%A6%86%E9%A1%B9%E7%9B%AE/tavern_helper_template/public/mobile-ui-private-phase0-rollback-drill/scripts/check-calendar.mjs:1846:84)
    at saveStore (file:///d:/%E9%85%92%E9%A6%86%E9%A1%B9%E7%9B%AE/tavern_helper_template/public/mobile-ui-private-phase0-rollback-drill/src/calendar-storage.js:27:17)
    at saveCalendarOccasions (file:///d:/%E9%85%92%E9%A6%86%E9%A1%B9%E7%9B%AE/tavern_helper_template/public/mobile-ui-private-phase0-rollback-drill/src/calendar-storage.js:64:58)
    at file:///d:/%E9%85%92%E9%A6%86%E9%A1%B9%E7%9B%AE/tavern_helper_template/public/mobile-ui-private-phase0-rollback-drill/src/calendar-commit.js:202:18
    at async waitForActual (node:assert:646:5)
    at async strict.rejects (node:assert:769:25)
    at async file:///d:/%E9%85%92%E9%A6%86%E9%A1%B9%E7%9B%AE/tavern_helper_template/public/mobile-ui-private-phase0-rollback-drill/scripts/check-calendar.mjs:1857:9
[phone-mode] 生日与纪念日数据保存失败 Error: occasion write blocked
    at storage.setItem (file:///d:/%E9%85%92%E9%A6%86%E9%A1%B9%E7%9B%AE/tavern_helper_template/public/mobile-ui-private-phase0-rollback-drill/scripts/check-calendar.mjs:1879:58)
    at saveStore (file:///d:/%E9%85%92%E9%A6%86%E9%A1%B9%E7%9B%AE/tavern_helper_template/public/mobile-ui-private-phase0-rollback-drill/src/calendar-storage.js:27:17)
    at saveCalendarOccasions (file:///d:/%E9%85%92%E9%A6%86%E9%A1%B9%E7%9B%AE/tavern_helper_template/public/mobile-ui-private-phase0-rollback-drill/src/calendar-storage.js:64:58)
    at file:///d:/%E9%85%92%E9%A6%86%E9%A1%B9%E7%9B%AE/tavern_helper_template/public/mobile-ui-private-phase0-rollback-drill/src/calendar-commit.js:244:18
[phone-mode] 生日与纪念日数据保存失败 Error: occasion write blocked
    at storage.setItem (file:///d:/%E9%85%92%E9%A6%86%E9%A1%B9%E7%9B%AE/tavern_helper_template/public/mobile-ui-private-phase0-rollback-drill/scripts/check-calendar.mjs:1879:58)
    at saveStore (file:///d:/%E9%85%92%E9%A6%86%E9%A1%B9%E7%9B%AE/tavern_helper_template/public/mobile-ui-private-phase0-rollback-drill/src/calendar-storage.js:27:17)
    at saveCalendarOccasions (file:///d:/%E9%85%92%E9%A6%86%E9%A1%B9%E7%9B%AE/tavern_helper_template/public/mobile-ui-private-phase0-rollback-drill/src/calendar-storage.js:64:58)
    at file:///d:/%E9%85%92%E9%A6%86%E9%A1%B9%E7%9B%AE/tavern_helper_template/public/mobile-ui-private-phase0-rollback-drill/src/calendar-commit.js:253:41
[phone-mode] 日历数据保存失败 Error: calendar rollback blocked
    at storage.setItem (file:///d:/%E9%85%92%E9%A6%86%E9%A1%B9%E7%9B%AE/tavern_helper_template/public/mobile-ui-private-phase0-rollback-drill/scripts/check-calendar.mjs:1908:75)
    at saveStore (file:///d:/%E9%85%92%E9%A6%86%E9%A1%B9%E7%9B%AE/tavern_helper_template/public/mobile-ui-private-phase0-rollback-drill/src/calendar-storage.js:27:17)
    at saveCalendar (file:///d:/%E9%85%92%E9%A6%86%E9%A1%B9%E7%9B%AE/tavern_helper_template/public/mobile-ui-private-phase0-rollback-drill/src/calendar-storage.js:38:49)
    at file:///d:/%E9%85%92%E9%A6%86%E9%A1%B9%E7%9B%AE/tavern_helper_template/public/mobile-ui-private-phase0-rollback-drill/src/calendar-commit.js:252:40
    at async waitForActual (node:assert:646:5)
    at async strict.rejects (node:assert:769:25)
    at async file:///d:/%E9%85%92%E9%A6%86%E9%A1%B9%E7%9B%AE/tavern_helper_template/public/mobile-ui-private-phase0-rollback-drill/scripts/check-calendar.mjs:1923:9
Calendar checks passed.

> tianyin-xiaojian-st@1.5.0 check:budget
> node scripts/check-budget.mjs

Context budget verified.

> tianyin-xiaojian-st@1.5.0 check:permissions
> node scripts/check-permissions.mjs


> tianyin-xiaojian-st@1.5.0 check:contracts
> node scripts/check-contracts.mjs

Static contracts verified.


--- Detached-worktree rollback drill evidence footer (recorded after command completion) ---
Recorded date: 2026-07-29
Environment: Windows 10.0.26200; Node v24.18.0; npm 11.16.0
Detached HEAD: ae8284e2fbd0a07e903108e33924fef58b36c1d7
Commands: npm ci; npm run check (the original HEAD check chain)
npm ci exit code: 0
npm run check exit code: 0
index.js HEAD blob: 7548fee3f2bf833ef4beec39eec809dc0149fddf
index.js built worktree blob: 7548fee3f2bf833ef4beec39eec809dc0149fddf
Content verification: src/** unchanged; generated index.js content matches HEAD. Git reported only line-ending normalization metadata.
Cleanup verification: detached worktree removed; git worktree list contains only the main worktree.
npm ci note: npm 11.16.0 emitted an allow-scripts warning for esbuild@0.25.12 postinstall; install and build still completed successfully. Re-run environments must record and review any stricter script policy instead of suppressing it.
Result: PASS for machine rollback isolation only. Real SillyTavern entry, persisted-data, backup-restore and window.__pm* compatibility checks remain required.
